06-15 16:50:34.994   308   346 D libcamera: DEBUG Request request.cpp:122 Request(158:C:0/1:12970367437559909552)
06-15 16:50:34.994   308   346 D libcamera: DEBUG HAL camera_device.cpp:1232 '/base/axi/pcie@120000/rp1/i2c@88000/imx708@1a': Request 12970367437559909552 completed with 1 streams
06-15 16:50:34.996   308   308 D libcamera: DEBUG HAL camera_device.cpp:970 '/base/axi/pcie@120000/rp1/i2c@88000/imx708@1a': Camera Process Request Start
06-15 16:50:34.996   308   308 D libcamera: DEBUG Request request.cpp:361 Created request - cookie: 12970367437559915888
06-15 16:50:34.996   308   308 D libcamera: DEBUG HAL camera_device.cpp:994 '/base/axi/pcie@120000/rp1/i2c@88000/imx708@1a': Queueing request 12970367437559915888 with 1 streams
06-15 16:50:34.996   308   308 D libcamera: DEBUG HAL camera_device.cpp:1032 '/base/axi/pcie@120000/rp1/i2c@88000/imx708@1a': processCaptureRequest direct
06-15 16:50:34.996   308   346 D libcamera: DEBUG RPI pipeline_base.cpp:1515 Going into Idle state
06-15 16:50:34.996   308   308 D libcamera: DEBUG HAL camera_device.cpp:810 '/base/axi/pcie@120000/rp1/i2c@88000/imx708@1a': createFrameBuffer...
06-15 16:50:34.996   308   346 D libcamera: DEBUG V4L2 v4l2_videodevice.cpp:1764 /dev/video28[26:out]: Dequeuing buffer 1
06-15 16:50:34.996   308   308 D libcamera: DEBUG HAL generic_camera_buffer.cpp:77 Create Buffer name=NV12 numplanes=2 size=640x480 numFds=3
06-15 16:50:34.996   308   346 D libcamera: DEBUG RPI pisp.cpp:1685 Stream ISP Config buffer complete, buffer id 2, timestamp: 264871030000
06-15 16:50:34.996   308   308 D libcamera: DEBUG Buffer framebuffer.cpp:346 Buffer is contiguous
06-15 16:50:34.996   308   346 D libcamera: DEBUG RPI pipeline_base.cpp:1455 Returning buffer to stream ISP Config
06-15 16:50:34.996   308   308 D libcamera: DEBUG HAL camera_device.cpp:1045 '/base/axi/pcie@120000/rp1/i2c@88000/imx708@1a': 0 - (640x480)[0x00000023] -> (640x480)[NV12] (direct)
06-15 16:50:34.996   308   346 D libcamera: DEBUG V4L2 v4l2_videodevice.cpp:1764 /dev/video21[27:out]: Dequeuing buffer 1
06-15 16:50:34.996   308   308 D libcamera: DEBUG HAL camera_device.cpp:1080 '/base/axi/pcie@120000/rp1/i2c@88000/imx708@1a': processCaptureRequest handle streams
06-15 16:50:34.996   308   346 D libcamera: DEBUG V4L2 v4l2_videodevice.cpp:1764 /dev/video26[28:cap]: Dequeuing buffer 1
06-15 16:50:34.996   308   346 D libcamera: DEBUG V4L2 v4l2_videodevice.cpp:1764 /dev/video22[29:out]: Dequeuing buffer 0
06-15 16:50:34.996   308   346 D libcamera: DEBUG V4L2 v4l2_videodevice.cpp:1764 /dev/video27[30:cap]: Dequeuing buffer 0
06-15 16:50:34.996   308   346 D libcamera: DEBUG RPI pipeline_base.cpp:736 queueRequestDevice: New request sequence: 159
06-15 16:50:34.996   308   346 D libcamera: DEBUG Buffer mapped_framebuffer.cpp:228 mmap plane: fd=37 length=307200 flags=3
06-15 16:50:34.996   308   346 E libcamera: ERROR Buffer mapped_framebuffer.cpp:236 Failed to mmap plane: Permission denied
06-15 16:50:34.996   308   346 D libcamera: DEBUG RPISTREAM rpi_stream.cpp:271 Queuing buffer 74 for ISP Output1
06-15 16:50:34.996   308   346 D libcamera: DEBUG V4L2 v4l2_videodevice.cpp:1693 /dev/video25[25:cap]: Queueing buffer 10
06-15 16:50:34.996   308   346 D libcamera: DEBUG Event event_dispatcher_poll.cpp:216 next timer 0xb4000076da0d1550 expires in 0.984828334
06-15 16:50:34.996   308   346 D libcamera: DEBUG Event event_dispatcher_poll.cpp:216 next timer 0xb4000076da0d1550 expires in 0.984778926
06-15 16:50:35.033   308   346 D libcamera: DEBUG RPI pipeline_base.cpp:1400 Frame start 166
06-15 16:50:35.034   308   346 D libcamera: DEBUG RPiDelayedControls delayed_controls.cpp:240 frame 166 started
06-15 16:50:35.034   308   346 D libcamera: DEBUG RPiDelayedControls delayed_controls.cpp:270 Setting Analogue Gain to 639 at index 165
06-15 16:50:35.034   308   346 D libcamera: DEBUG RPiDelayedControls delayed_controls.cpp:270 Setting Exposure to 6515 at index 165
06-15 16:50:35.034   308   346 D libcamera: DEBUG RPiDelayedControls delayed_controls.cpp:270 Setting Vertical Blanking to 5673 at index 166
06-15 16:50:35.034   308   346 D libcamera: DEBUG Event event_dispatcher_poll.cpp:216 next timer 0xb4000076da0d1550 expires in 0.946930815
06-15 16:50:35.041   308   346 D libcamera: DEBUG V4L2 v4l2_videodevice.cpp:1764 /dev/video4[19:cap]: Dequeuing buffer 2
06-15 16:50:35.041   308   346 D libcamera: DEBUG Timer timer.cpp:93 Starting timer 0xb4000076da0d1550: deadline 0:04:25.919192045
06-15 16:50:35.041   308   346 D libcamera: DEBUG RPI pisp.cpp:1624 Stream CFE Image buffer dequeue, buffer id 3, timestamp: 264910992000
06-15 16:50:35.041   308   346 D libcamera: DEBUG RPiDelayedControls delayed_controls.cpp:220 Reading Analogue Gain to 639 at index 163
06-15 16:50:35.042   308   346 D libcamera: DEBUG RPiDelayedControls delayed_controls.cpp:220 Reading Exposure to 6515 at index 163
06-15 16:50:35.042   308   346 D libcamera: DEBUG RPiDelayedControls delayed_controls.cpp:220 Reading Vertical Blanking to 5673 at index 163
06-15 16:50:35.042   308   346 D libcamera: DEBUG RPiDelayedControls delayed_controls.cpp:220 Reading Horizontal Blanking to 3680 at index 163
06-15 16:50:35.042   308   346 D libcamera: DEBUG V4L2 v4l2_videodevice.cpp:1764 /dev/video7[20:out]: Dequeuing buffer 10
06-15 16:50:35.042   308   346 D libcamera: DEBUG RPI pisp.cpp:1624 Stream CFE Config buffer dequeue, buffer id 11, timestamp: 264910992000
06-15 16:50:35.042   308   346 D libcamera: DEBUG RPI pipeline_base.cpp:1455 Returning buffer to stream CFE Config
06-15 16:50:35.042   308   346 D libcamera: DEBUG RPISTREAM rpi_stream.cpp:271 Queuing buffer 1 for CFE Config
06-15 16:50:35.042   308   346 D libcamera: DEBUG V4L2 v4l2_videodevice.cpp:1693 /dev/video7[20:out]: Queueing buffer 0
06-15 16:50:35.042   308   346 D libcamera: DEBUG V4L2 v4l2_videodevice.cpp:1764 /dev/video6[21:cap]: Dequeuing buffer 10
06-15 16:50:35.042   308   346 D libcamera: DEBUG RPI pisp.cpp:1624 Stream CFE Stats buffer dequeue, buffer id 11, timestamp: 264910992000
06-15 16:50:35.042   308   346 D libcamera: DEBUG Event event_dispatcher_poll.cpp:216 next timer 0xb4000076da0d1550 expires in 0.999417445
06-15 16:50:35.042   308   346 D libcamera: DEBUG V4L2 v4l2_videodevice.cpp:1764 /dev/video1[22:cap]: Dequeuing buffer 10
06-15 16:50:35.042   308   346 D libcamera: DEBUG RPI pisp.cpp:1624 Stream CFE Embedded buffer dequeue, buffer id 11, timestamp: 264910992000
06-15 16:50:35.042   308   346 D libcamera: DEBUG RPI pisp.cpp:2226 Signalling IPA processStats and prepareIsp: Bayer buffer id: 3 Stats buffer id: 11 Embedded buffer id: 11
06-15 16:50:35.042   308   346 D libcamera: DEBUG Event event_dispatcher_poll.cpp:216 next timer 0xb4000076da0d1550 expires in 0.999272908
06-15 16:50:35.042   308  2872 D libcamera: DEBUG IPARPI ipa_base.cpp:1278 Metadata - Exposure: 59996.89us Frame length: 6537 Line length: 9.21us Gain: 2.65974 Lens: 1
06-15 16:50:35.042   308  2872 D libcamera: DEBUG IPARPI cam_helper_imx708.cpp:113 Embedded buffer size: 28800
06-15 16:50:35.042   308  2872 D libcamera: DEBUG IPARPI cam_helper.cpp:251 Metadata updated - Exposure: 59748.25us Frame length: 6537 Line length: 9.21us Gain: 2.65974 Lens: 1 Temperature: 30
06-15 16:50:35.043   308  2872 D libcamera: DEBUG RPiLux lux.cpp:96 : estimated lux 87.9133
06-15 16:50:35.043   308  2872 D libcamera: DEBUG RPiAwb awb.cpp:369 frame_phase 7
06-15 16:50:35.043   308  2872 D libcamera: DEBUG RPiAgc agc.cpp:293 process for channel 0
06-15 16:50:35.043   308  2872 D libcamera: DEBUG RPiAgc agc.cpp:300 Save DeviceStatus and stats for channel 0
06-15 16:50:35.043   308  2872 D libcamera: DEBUG RPiAgc agc_channel.cpp:591 ev 1 fixedShutter 0.00us fixedAnalogueGain 0
06-15 16:50:35.043   308  2872 D libcamera: DEBUG RPiAgc agc_channel.cpp:628 exposureMode normal constraintMode normal meteringMode centre-weighted
06-15 16:50:35.043   308  2872 D libcamera: DEBUG RPiAgc agc_channel.cpp:749 Initial Y 0.158735 target 0.16044 gives gain 1.00441
06-15 16:50:35.043   308  2872 D libcamera: DEBUG RPiAgc agc_channel.cpp:758 Constraint has target_Y 0.5 giving gain 0.810068
06-15 16:50:35.043   308  2872 D libcamera: DEBUG RPiAgc agc_channel.cpp:770 Final gain 1.00441 (target_Y 0.16044 ev 1 base_ev 1)
06-15 16:50:35.043   308  2872 D libcamera: DEBUG RPiAgc agc_channel.cpp:806 Target totalExposure 159616.07us
06-15 16:50:35.043   308  2872 D libcamera: DEBUG RPiAgc agc_channel.cpp:906 After filtering, totalExposure 159649.07us no dg 159649.07us
06-15 16:50:35.043   308  2872 D libcamera: DEBUG RPiAgc agc_channel.cpp:812 Total exposure before channel constraints 159649.07us
06-15 16:50:35.043   308  2872 D libcamera: DEBUG RPiAgc agc_channel.cpp:840 Total exposure after channel constraints 159649.07us
06-15 16:50:35.043   308  2872 D libcamera: DEBUG RPiAgc agc_channel.cpp:855 after AWB, target dg 1 gain 1.00441 target_Y 0.16044
06-15 16:50:35.043   308  2872 D libcamera: DEBUG RPiAgc agc_channel.cpp:872 Digital gain 1 desaturate? 0
06-15 16:50:35.043   308  2872 D libcamera: DEBUG RPiAgc agc_channel.cpp:874 Target totalExposureNoDG 159649.07us
06-15 16:50:35.043   308  2872 D libcamera: DEBUG RPiAgc agc_channel.cpp:948 Divided up shutter and gain are 60000.00us and 2.66082
06-15 16:50:35.043   308  2872 D libcamera: DEBUG RPiAgc agc_channel.cpp:988 Output written, total exposure requested is 159649.07us
06-15 16:50:35.043   308  2872 D libcamera: DEBUG RPiAgc agc_channel.cpp:990 Camera exposure update: shutter time 60000.00us analogue gain 2.66082
06-15 16:50:35.043   308  2872 D libcamera: DEBUG RPiAlsc alsc.cpp:429 frame_phase 1
06-15 16:50:35.043   308  2872 D libcamera: DEBUG RPiContrast contrast.cpp:107 Move histogram point 970.61 to 983.04
06-15 16:50:35.043   308  2872 D libcamera: DEBUG RPiContrast contrast.cpp:111 Final values 983.04 -> 983.04
06-15 16:50:35.044   308  2872 D libcamera: DEBUG RPiContrast contrast.cpp:128 Move histogram point 24610.7 to 62259.2
06-15 16:50:35.044   308  2872 D libcamera: DEBUG RPiContrast contrast.cpp:132 Final values 60259.2 -> 62259.2
06-15 16:50:35.044   308  2872 D libcamera: DEBUG IPARPI ipa_base.cpp:1477 Applying AGC Exposure: 59996.89us (Shutter lines: 6515, AGC requested 60000.00us) Gain: 2.66082 (Gain Code: 639)
06-15 16:50:35.044   308  2872 D libcamera: DEBUG RPiDpc dpc.cpp:50 strength 1
06-15 16:50:35.044   308  2872 D libcamera: DEBUG RPiNoise noise.cpp:77 constant 0 slope 1.51345
06-15 16:50:35.044   308  2872 D libcamera: DEBUG RPiGeq geq.cpp:76 offset 587 slope 0.00601101 (analogue gain 2.65974 lux 87.9133)
06-15 16:50:35.044   308  2872 D libcamera: DEBUG RPiDenoise denoise.cpp:119 Noise profile: constant 0 slope 1.51345
06-15 16:50:35.044   308  2872 D libcamera: DEBUG RPiDenoise denoise.cpp:134 const 0 slope 2.42152 str 0.5 const2 0 slope2 4.84303
06-15 16:50:35.044   308  2872 D libcamera: DEBUG RPiDenoise denoise.cpp:154 programmed tdn threshold 0.05 constant 0 slope 1.21076
06-15 16:50:35.044   308  2872 D libcamera: DEBUG RPiDenoise denoise.cpp:165 programmed cdn threshold 302.69 strength 0.3
06-15 16:50:35.044   308  2872 D libcamera: DEBUG RPiAwb awb.cpp:339 frame_count 10 speed 0.05
06-15 16:50:35.044   308  2872 D libcamera: DEBUG RPiAwb awb.cpp:358 Using AWB gains r 1.26715 g 1 b 3.28739
06-15 16:50:35.044   308  2872 D libcamera: DEBUG RPiAgc agc.cpp:274 prepare for channel 0
06-15 16:50:35.044   308  2872 D libcamera: DEBUG RPiAgc agc_channel.cpp:487 Want total exposure 159649.07us
06-15 16:50:35.044   308  2872 D libcamera: DEBUG RPiAgc agc_channel.cpp:493 Actual exposure 158914.82us
06-15 16:50:35.044   308  2872 D libcamera: DEBUG RPiAgc agc_channel.cpp:494 Use digitalGain 1.00462
06-15 16:50:35.044   308  2872 D libcamera: DEBUG RPiAgc agc_channel.cpp:495 Effective exposure 159649.07us
06-15 16:50:35.044   308  2872 D libcamera: DEBUG RPiAgc agc_channel.cpp:580 Lock count updated to 5
06-15 16:50:35.044   308  2872 D libcamera: DEBUG RPiAlsc alsc.cpp:394 frame count 10 speed 0.05
06-15 16:50:35.045   308   346 D libcamera: DEBUG RPiDelayedControls delayed_controls.cpp:182 Queuing Vertical Blanking to 5673 at index 167
06-15 16:50:35.045   308  2872 D libcamera: DEBUG RPiCcm ccm.cpp:181 colour temperature 2807.51K
06-15 16:50:35.045   308   346 D libcamera: DEBUG RPiDelayedControls delayed_controls.cpp:182 Queuing Exposure to 6515 at index 167
06-15 16:50:35.045   308  2872 D libcamera: DEBUG RPiCcm ccm.cpp:183 CCM: 1.72149 -0.460794 -0.260704     -0.300104 1.57042 -0.270317     0.1505 -1.13097 1.98048
06-15 16:50:35.045   308  2872 D libcamera: DEBUG RPiAf af.cpp:638 0 sst0->0 stp0->0 ft1.00->1.00 fs1.00->1.00 cont=43 phase=-68 conf=19
06-15 16:50:35.045   308   346 D libcamera: DEBUG RPiDelayedControls delayed_controls.cpp:182 Queuing Analogue Gain to 639 at index 167
06-15 16:50:35.045   308  2872 D libcamera: DEBUG IPARPI pisp.cpp:545 Applying WB R: 1.26715 B: 3.28739
06-15 16:50:35.045   308  2872 D libcamera: DEBUG IPARPI pisp.cpp:697 TDN: exposure: 158914.82us last: 158914.82us ratio: 1
06-15 16:50:35.045   308   346 D libcamera: DEBUG RPI pipeline_base.cpp:1455 Returning buffer to stream CFE Stats
06-15 16:50:35.045   308   346 D libcamera: DEBUG RPISTREAM rpi_stream.cpp:271 Queuing buffer 11 for CFE Stats
06-15 16:50:35.046   308   346 D libcamera: DEBUG V4L2 v4l2_videodevice.cpp:1693 /dev/video6[21:cap]: Queueing buffer 10
06-15 16:50:35.047   308   346 D libcamera: DEBUG RPI pipeline_base.cpp:1455 Returning buffer to stream CFE Embedded
06-15 16:50:35.047   308   346 D libcamera: DEBUG RPISTREAM rpi_stream.cpp:271 Queuing buffer 11 for CFE Embedded
06-15 16:50:35.047   308   346 D libcamera: DEBUG V4L2 v4l2_videodevice.cpp:1693 /dev/video1[22:cap]: Queueing buffer 10
06-15 16:50:35.047   308   346 D libcamera: DEBUG RPI pisp.cpp:2125 Input re-queue to ISP, buffer id 3, timestamp: 264910992000
06-15 16:50:35.047   308   346 D libcamera: DEBUG RPISTREAM rpi_stream.cpp:271 Queuing buffer 0 for ISP Input
06-15 16:50:35.047   308   346 D libcamera: DEBUG V4L2 v4l2_videodevice.cpp:1693 /dev/video20[23:out]: Queueing buffer 2
06-15 16:50:35.047   308   346 D libcamera: DEBUG RPISTREAM rpi_stream.cpp:271 Queuing buffer 0 for ISP TDN Input
06-15 16:50:35.047   308   346 D libcamera: DEBUG V4L2 v4l2_videodevice.cpp:1693 /dev/video21[27:out]: Queueing buffer 0
06-15 16:50:35.047   308   346 D libcamera: DEBUG RPISTREAM rpi_stream.cpp:271 Queuing buffer 1 for ISP TDN Output
06-15 16:50:35.048   308   346 D libcamera: DEBUG V4L2 v4l2_videodevice.cpp:1693 /dev/video26[28:cap]: Queueing buffer 0
06-15 16:50:35.048   308   346 D libcamera: DEBUG RPISTREAM rpi_stream.cpp:271 Queuing buffer 0 for ISP Stitch Input
06-15 16:50:35.048   308   346 D libcamera: DEBUG V4L2 v4l2_videodevice.cpp:1693 /dev/video22[29:out]: Queueing buffer 0
06-15 16:50:35.048   308   346 D libcamera: DEBUG RPISTREAM rpi_stream.cpp:271 Queuing buffer 1 for ISP Stitch Output
06-15 16:50:35.048   308   346 D libcamera: DEBUG V4L2 v4l2_videodevice.cpp:1693 /dev/video27[30:cap]: Queueing buffer 0
06-15 16:50:35.048   308   346 D libcamera: DEBUG RPISTREAM rpi_stream.cpp:271 Queuing buffer 1 for ISP Config
06-15 16:50:35.048   308   346 D libcamera: DEBUG V4L2 v4l2_videodevice.cpp:1693 /dev/video28[26:out]: Queueing buffer 0
06-15 16:50:35.048   308   346 D libcamera: DEBUG Event event_dispatcher_poll.cpp:216 next timer 0xb4000076da0d1550 expires in 0.992944556
06-15 16:50:35.049   308   346 D libcamera: DEBUG Event event_dispatcher_poll.cpp:216 next timer 0xb4000076da0d1550 expires in 0.992813556
06-15 16:50:35.049   308   346 D libcamera: DEBUG V4L2 v4l2_videodevice.cpp:1764 /dev/video20[23:out]: Dequeuing buffer 2
06-15 16:50:35.049   308   346 D libcamera: DEBUG RPI pisp.cpp:1657 Stream ISP Input buffer complete, buffer id 3, timestamp: 264927006000
06-15 16:50:35.049   308   346 D libcamera: DEBUG RPI pipeline_base.cpp:1455 Returning buffer to stream CFE Image
06-15 16:50:35.050   308   346 D libcamera: DEBUG RPISTREAM rpi_stream.cpp:271 Queuing buffer 3 for CFE Image
06-15 16:50:35.050   308   346 D libcamera: DEBUG V4L2 v4l2_videodevice.cpp:1693 /dev/video4[19:cap]: Queueing buffer 2
06-15 16:50:35.050   308   346 D libcamera: DEBUG V4L2 v4l2_videodevice.cpp:1764 /dev/video25[25:cap]: Dequeuing buffer 10
06-15 16:50:35.050   308   346 D libcamera: DEBUG RPI pisp.cpp:1685 Stream ISP Output1 buffer complete, buffer id 74, timestamp: 264927006000
06-15 16:50:35.050   308   346 D libcamera: DEBUG RPI pipeline_base.cpp:1445 Completing request buffer for stream ISP Output1
06-15 16:50:35.050   308   346 D libcamera: DEBUG RPI pipeline_base.cpp:1500 Completing request sequence: 159
06-15 16:50:35.050   308   346 D libcamera: DEBUG Request request.cpp:122 Request(159:C:0/1:12970367437559915888)
06-15 16:50:35.050   308   346 D libcamera: DEBUG HAL camera_device.cpp:1232 '/base/axi/pcie@120000/rp1/i2c@88000/imx708@1a': Request 12970367437559915888 completed with 1 streams
06-15 16:50:35.051   308   346 D libcamera: DEBUG RPI pipeline_base.cpp:1515 Going into Idle state
06-15 16:50:35.051   308   346 D libcamera: DEBUG V4L2 v4l2_videodevice.cpp:1764 /dev/video28[26:out]: Dequeuing buffer 0
06-15 16:50:35.051   308   562 D libcamera: DEBUG HAL camera_device.cpp:970 '/base/axi/pcie@120000/rp1/i2c@88000/imx708@1a': Camera Process Request Start
06-15 16:50:35.051   308   562 D libcamera: DEBUG Request request.cpp:361 Created request - cookie: 12970367437559911136
06-15 16:50:35.051   308   562 D libcamera: DEBUG HAL camera_device.cpp:994 '/base/axi/pcie@120000/rp1/i2c@88000/imx708@1a': Queueing request 12970367437559911136 with 1 streams
06-15 16:50:35.051   308   562 D libcamera: DEBUG HAL camera_device.cpp:1032 '/base/axi/pcie@120000/rp1/i2c@88000/imx708@1a': processCaptureRequest direct
06-15 16:50:35.051   308   562 D libcamera: DEBUG HAL camera_device.cpp:810 '/base/axi/pcie@120000/rp1/i2c@88000/imx708@1a': createFrameBuffer...
06-15 16:50:35.051   308   562 D libcamera: DEBUG HAL generic_camera_buffer.cpp:77 Create Buffer name=NV12 numplanes=2 size=640x480 numFds=3
06-15 16:50:35.051   308   562 D libcamera: DEBUG Buffer framebuffer.cpp:346 Buffer is contiguous
06-15 16:50:35.051   308   562 D libcamera: DEBUG HAL camera_device.cpp:1045 '/base/axi/pcie@120000/rp1/i2c@88000/imx708@1a': 0 - (640x480)[0x00000023] -> (640x480)[NV12] (direct)
06-15 16:50:35.051   308   562 D libcamera: DEBUG HAL camera_device.cpp:1080 '/base/axi/pcie@120000/rp1/i2c@88000/imx708@1a': processCaptureRequest handle streams
06-15 16:50:35.052   308   346 D libcamera: DEBUG RPI pisp.cpp:1685 Stream ISP Config buffer complete, buffer id 1, timestamp: 264927006000
06-15 16:50:35.052   308   346 D libcamera: DEBUG RPI pipeline_base.cpp:1455 Returning buffer to stream ISP Config
06-15 16:50:35.052   308   346 D libcamera: DEBUG V4L2 v4l2_videodevice.cpp:1764 /dev/video21[27:out]: Dequeuing buffer 0
06-15 16:50:35.052   308   346 D libcamera: DEBUG V4L2 v4l2_videodevice.cpp:1764 /dev/video26[28:cap]: Dequeuing buffer 0
06-15 16:50:35.052   308   346 D libcamera: DEBUG V4L2 v4l2_videodevice.cpp:1764 /dev/video22[29:out]: Dequeuing buffer 0
06-15 16:50:35.052   308   346 D libcamera: DEBUG V4L2 v4l2_videodevice.cpp:1764 /dev/video27[30:cap]: Dequeuing buffer 0
06-15 16:50:35.053   308   346 D libcamera: DEBUG RPI pipeline_base.cpp:736 queueRequestDevice: New request sequence: 160
06-15 16:50:35.053   308   346 D libcamera: DEBUG RPISTREAM rpi_stream.cpp:271 Queuing buffer 59 for ISP Output1
06-15 16:50:35.053   308   346 D libcamera: DEBUG V4L2 v4l2_videodevice.cpp:1693 /dev/video25[25:cap]: Queueing buffer 13
06-15 16:50:35.053   308   346 D libcamera: DEBUG Event event_dispatcher_poll.cpp:216 next timer 0xb4000076da0d1550 expires in 0.988486667
06-15 16:50:35.053   308   346 D libcamera: DEBUG Event event_dispatcher_poll.cpp:216 next timer 0xb4000076da0d1550 expires in 0.988362778
06-15 16:50:35.093   308   346 D libcamera: DEBUG RPI pipeline_base.cpp:1400 Frame start 167
06-15 16:50:35.094   308   346 D libcamera: DEBUG RPiDelayedControls delayed_controls.cpp:240 frame 167 started
06-15 16:50:35.094   308   346 D libcamera: DEBUG RPiDelayedControls delayed_controls.cpp:270 Setting Analogue Gain to 639 at index 166
06-15 16:50:35.094   308   346 D libcamera: DEBUG RPiDelayedControls delayed_controls.cpp:270 Setting Exposure to 6515 at index 166
06-15 16:50:35.094   308   346 D libcamera: DEBUG RPiDelayedControls delayed_controls.cpp:270 Setting Vertical Blanking to 5673 at index 167
06-15 16:50:35.094   308   346 D libcamera: DEBUG Event event_dispatcher_poll.cpp:216 next timer 0xb4000076da0d1550 expires in 0.947231704
06-15 16:50:35.101   308   346 D libcamera: DEBUG V4L2 v4l2_videodevice.cpp:1764 /dev/video4[19:cap]: Dequeuing buffer 3
06-15 16:50:35.102   308   346 D libcamera: DEBUG Timer timer.cpp:93 Starting timer 0xb4000076da0d1550: deadline 0:04:25.979355823
06-15 16:50:35.102   308   346 D libcamera: DEBUG RPI pisp.cpp:1624 Stream CFE Image buffer dequeue, buffer id 4, timestamp: 264971176000
06-15 16:50:35.102   308   346 D libcamera: DEBUG RPiDelayedControls delayed_controls.cpp:220 Reading Analogue Gain to 639 at index 164
06-15 16:50:35.102   308   346 D libcamera: DEBUG RPiDelayedControls delayed_controls.cpp:220 Reading Exposure to 6515 at index 164
06-15 16:50:35.102   308   346 D libcamera: DEBUG RPiDelayedControls delayed_controls.cpp:220 Reading Vertical Blanking to 5673 at index 164
06-15 16:50:35.102   308   346 D libcamera: DEBUG RPiDelayedControls delayed_controls.cpp:220 Reading Horizontal Blanking to 3680 at index 164
06-15 16:50:35.102   308   346 D libcamera: DEBUG V4L2 v4l2_videodevice.cpp:1764 /dev/video7[20:out]: Dequeuing buffer 11
06-15 16:50:35.102   308   346 D libcamera: DEBUG RPI pisp.cpp:1624 Stream CFE Config buffer dequeue, buffer id 12, timestamp: 264971176000
06-15 16:50:35.102   308   346 D libcamera: DEBUG RPI pipeline_base.cpp:1455 Returning buffer to stream CFE Config
06-15 16:50:35.102   308   346 D libcamera: DEBUG RPISTREAM rpi_stream.cpp:271 Queuing buffer 2 for CFE Config
06-15 16:50:35.103   308   346 D libcamera: DEBUG V4L2 v4l2_videodevice.cpp:1693 /dev/video7[20:out]: Queueing buffer 1
06-15 16:50:35.103   308   346 D libcamera: DEBUG V4L2 v4l2_videodevice.cpp:1764 /dev/video6[21:cap]: Dequeuing buffer 11
06-15 16:50:35.103   308   346 D libcamera: DEBUG RPI pisp.cpp:1624 Stream CFE Stats buffer dequeue, buffer id 12, timestamp: 264971176000
06-15 16:50:35.103   308   346 D libcamera: DEBUG Event event_dispatcher_poll.cpp:216 next timer 0xb4000076da0d1550 expires in 0.998743445
06-15 16:50:35.103   308   346 D libcamera: DEBUG V4L2 v4l2_videodevice.cpp:1764 /dev/video1[22:cap]: Dequeuing buffer 11
06-15 16:50:35.103   308   346 D libcamera: DEBUG RPI pisp.cpp:1624 Stream CFE Embedded buffer dequeue, buffer id 12, timestamp: 264971176000
06-15 16:50:35.103   308   346 D libcamera: DEBUG RPI pisp.cpp:2226 Signalling IPA processStats and prepareIsp: Bayer buffer id: 4 Stats buffer id: 12 Embedded buffer id: 12
06-15 16:50:35.103   308   346 D libcamera: DEBUG Event event_dispatcher_poll.cpp:216 next timer 0xb4000076da0d1550 expires in 0.998297723
06-15 16:50:35.103   308  2872 D libcamera: DEBUG IPARPI ipa_base.cpp:1278 Metadata - Exposure: 59996.89us Frame length: 6537 Line length: 9.21us Gain: 2.65974 Lens: 1
06-15 16:50:35.104   308  2872 D libcamera: DEBUG IPARPI cam_helper_imx708.cpp:113 Embedded buffer size: 28800
06-15 16:50:35.104   308  2872 D libcamera: DEBUG IPARPI cam_helper.cpp:251 Metadata updated - Exposure: 59748.25us Frame length: 6537 Line length: 9.21us Gain: 2.65974 Lens: 1 Temperature: 30
06-15 16:50:35.104   308  2872 D libcamera: DEBUG RPiLux lux.cpp:96 : estimated lux 88.1911
06-15 16:50:35.104   308  2872 D libcamera: DEBUG RPiAwb awb.cpp:369 frame_phase 8
06-15 16:50:35.104   308  2872 D libcamera: DEBUG RPiAgc agc.cpp:293 process for channel 0
06-15 16:50:35.104   308  2872 D libcamera: DEBUG RPiAgc agc.cpp:300 Save DeviceStatus and stats for channel 0
06-15 16:50:35.104   308  2872 D libcamera: DEBUG RPiAgc agc_channel.cpp:591 ev 1 fixedShutter 0.00us fixedAnalogueGain 0
06-15 16:50:35.104   308  2872 D libcamera: DEBUG RPiAgc agc_channel.cpp:628 exposureMode normal constraintMode normal meteringMode centre-weighted
06-15 16:50:35.104   308  2872 D libcamera: DEBUG RPiAgc agc_channel.cpp:749 Initial Y 0.159236 target 0.160441 gives gain 1.00128
06-15 16:50:35.105   308  2872 D libcamera: DEBUG RPiAgc agc_channel.cpp:758 Constraint has target_Y 0.5 giving gain 0.806435
06-15 16:50:35.105   308  2872 D libcamera: DEBUG RPiAgc agc_channel.cpp:770 Final gain 1.00128 (target_Y 0.160441 ev 1 base_ev 1)
06-15 16:50:35.105   308  2872 D libcamera: DEBUG RPiAgc agc_channel.cpp:806 Target totalExposure 159117.70us
06-15 16:50:35.105   308  2872 D libcamera: DEBUG RPiAgc agc_channel.cpp:906 After filtering, totalExposure 159649.07us no dg 159649.07us
06-15 16:50:35.105   308  2872 D libcamera: DEBUG RPiAgc agc_channel.cpp:812 Total exposure before channel constraints 159649.07us
06-15 16:50:35.105   308  2872 D libcamera: DEBUG RPiAgc agc_channel.cpp:840 Total exposure after channel constraints 159649.07us
06-15 16:50:35.105   308  2872 D libcamera: DEBUG RPiAgc agc_channel.cpp:855 after AWB, target dg 1 gain 1.00128 target_Y 0.160441
06-15 16:50:35.105   308  2872 D libcamera: DEBUG RPiAgc agc_channel.cpp:872 Digital gain 1 desaturate? 0
06-15 16:50:35.105   308  2872 D libcamera: DEBUG RPiAgc agc_channel.cpp:874 Target totalExposureNoDG 159649.07us
06-15 16:50:35.105   308  2872 D libcamera: DEBUG RPiAgc agc_channel.cpp:948 Divided up shutter and gain are 60000.00us and 2.66082
06-15 16:50:35.105   308  2872 D libcamera: DEBUG RPiAgc agc_channel.cpp:988 Output written, total exposure requested is 159649.07us
06-15 16:50:35.106   308  2872 D libcamera: DEBUG RPiAgc agc_channel.cpp:990 Camera exposure update: shutter time 60000.00us analogue gain 2.66082
06-15 16:50:35.106   308  2872 D libcamera: DEBUG RPiAlsc alsc.cpp:429 frame_phase 2
06-15 16:50:35.106   308  2872 D libcamera: DEBUG RPiContrast contrast.cpp:107 Move histogram point 967.584 to 983.04
06-15 16:50:35.106   308  2872 D libcamera: DEBUG RPiContrast contrast.cpp:111 Final values 983.04 -> 983.04
06-15 16:50:35.106   308  2872 D libcamera: DEBUG RPiContrast contrast.cpp:128 Move histogram point 24692.7 to 62259.2
06-15 16:50:35.106   308  2872 D libcamera: DEBUG RPiContrast contrast.cpp:132 Final values 60259.2 -> 62259.2
06-15 16:50:35.106   308  2872 D libcamera: DEBUG IPARPI ipa_base.cpp:1477 Applying AGC Exposure: 59996.89us (Shutter lines: 6515, AGC requested 60000.00us) Gain: 2.66082 (Gain Code: 639)
06-15 16:50:35.106   308  2872 D libcamera: DEBUG RPiDpc dpc.cpp:50 strength 1
06-15 16:50:35.106   308   346 D libcamera: DEBUG RPiDelayedControls delayed_controls.cpp:182 Queuing Vertical Blanking to 5673 at index 168
06-15 16:50:35.107   308  2872 D libcamera: DEBUG RPiNoise noise.cpp:77 constant 0 slope 1.51345
06-15 16:50:35.107   308   346 D libcamera: DEBUG RPiDelayedControls delayed_controls.cpp:182 Queuing Exposure to 6515 at index 168
06-15 16:50:35.107   308  2872 D libcamera: DEBUG RPiGeq geq.cpp:76 offset 587 slope 0.00601101 (analogue gain 2.65974 lux 88.1911)
06-15 16:50:35.107   308   346 D libcamera: DEBUG RPiDelayedControls delayed_controls.cpp:182 Queuing Analogue Gain to 639 at index 168
06-15 16:50:35.107   308  2872 D libcamera: DEBUG RPiDenoise denoise.cpp:119 Noise profile: constant 0 slope 1.51345
06-15 16:50:35.107   308   346 D libcamera: DEBUG RPI pipeline_base.cpp:1455 Returning buffer to stream CFE Stats
06-15 16:50:35.107   308  2872 D libcamera: DEBUG RPiDenoise denoise.cpp:134 const 0 slope 2.42152 str 0.5 const2 0 slope2 4.84303
06-15 16:50:35.107   308   346 D libcamera: DEBUG RPISTREAM rpi_stream.cpp:271 Queuing buffer 12 for CFE Stats
06-15 16:50:35.107   308  2872 D libcamera: DEBUG RPiDenoise denoise.cpp:154 programmed tdn threshold 0.05 constant 0 slope 1.21076
06-15 16:50:35.107   308   346 D libcamera: DEBUG V4L2 v4l2_videodevice.cpp:1693 /dev/video6[21:cap]: Queueing buffer 11
06-15 16:50:35.107   308  2872 D libcamera: DEBUG RPiDenoise denoise.cpp:165 programmed cdn threshold 302.69 strength 0.3
06-15 16:50:35.108   308   346 D libcamera: DEBUG Event event_dispatcher_poll.cpp:216 next timer 0xb4000076da0d1550 expires in 0.994036019
06-15 16:50:35.108   308  2872 D libcamera: DEBUG RPiAwb awb.cpp:339 frame_count 10 speed 0.05
06-15 16:50:35.108   308  2872 D libcamera: DEBUG RPiAwb awb.cpp:358 Using AWB gains r 1.26622 g 1 b 3.29335
06-15 16:50:35.108   308  2872 D libcamera: DEBUG RPiAgc agc.cpp:274 prepare for channel 0
06-15 16:50:35.108   308  2872 D libcamera: DEBUG RPiAgc agc_channel.cpp:487 Want total exposure 159649.07us
06-15 16:50:35.108   308  2872 D libcamera: DEBUG RPiAgc agc_channel.cpp:493 Actual exposure 158914.82us
06-15 16:50:35.108   308  2872 D libcamera: DEBUG RPiAgc agc_channel.cpp:494 Use digitalGain 1.00462
06-15 16:50:35.108   308  2872 D libcamera: DEBUG RPiAgc agc_channel.cpp:495 Effective exposure 159649.07us
06-15 16:50:35.108   308  2872 D libcamera: DEBUG RPiAgc agc_channel.cpp:580 Lock count updated to 5
06-15 16:50:35.108   308  2872 D libcamera: DEBUG RPiAlsc alsc.cpp:394 frame count 10 speed 0.05
06-15 16:50:35.109   308  2872 D libcamera: DEBUG RPiCcm ccm.cpp:181 colour temperature 2804.66K
06-15 16:50:35.109   308  2872 D libcamera: DEBUG RPiCcm ccm.cpp:183 CCM: 1.72149 -0.460794 -0.260704     -0.300104 1.57042 -0.270317     0.1505 -1.13097 1.98048
06-15 16:50:35.109   308  2872 D libcamera: DEBUG RPiAf af.cpp:638 0 sst0->0 stp0->0 ft1.00->1.00 fs1.00->1.00 cont=52 phase=-77 conf=19
06-15 16:50:35.109   308  2872 D libcamera: DEBUG IPARPI pisp.cpp:545 Applying WB R: 1.26622 B: 3.29335
06-15 16:50:35.109   308  2872 D libcamera: DEBUG IPARPI pisp.cpp:697 TDN: exposure: 158914.82us last: 158914.82us ratio: 1
06-15 16:50:35.110   308   346 D libcamera: DEBUG RPI pipeline_base.cpp:1455 Returning buffer to stream CFE Embedded
06-15 16:50:35.110   308   346 D libcamera: DEBUG RPISTREAM rpi_stream.cpp:271 Queuing buffer 12 for CFE Embedded
06-15 16:50:35.110   308   346 D libcamera: DEBUG V4L2 v4l2_videodevice.cpp:1693 /dev/video1[22:cap]: Queueing buffer 11
06-15 16:50:35.110   308   346 D libcamera: DEBUG RPI pisp.cpp:2125 Input re-queue to ISP, buffer id 4, timestamp: 264971176000
06-15 16:50:35.111   308   346 D libcamera: DEBUG RPISTREAM rpi_stream.cpp:271 Queuing buffer 0 for ISP Input
06-15 16:50:35.111   308   346 D libcamera: DEBUG V4L2 v4l2_videodevice.cpp:1693 /dev/video20[23:out]: Queueing buffer 3
06-15 16:50:35.111   308   346 D libcamera: DEBUG RPISTREAM rpi_stream.cpp:271 Queuing buffer 0 for ISP TDN Input
06-15 16:50:35.111   308   346 D libcamera: DEBUG V4L2 v4l2_videodevice.cpp:1693 /dev/video21[27:out]: Queueing buffer 1
06-15 16:50:35.111   308   346 D libcamera: DEBUG RPISTREAM rpi_stream.cpp:271 Queuing buffer 2 for ISP TDN Output
06-15 16:50:35.111   308   346 D libcamera: DEBUG V4L2 v4l2_videodevice.cpp:1693 /dev/video26[28:cap]: Queueing buffer 1
06-15 16:50:35.111   308   346 D libcamera: DEBUG RPISTREAM rpi_stream.cpp:271 Queuing buffer 0 for ISP Stitch Input
06-15 16:50:35.111   308   346 D libcamera: DEBUG V4L2 v4l2_videodevice.cpp:1693 /dev/video22[29:out]: Queueing buffer 0
06-15 16:50:35.111   308   346 D libcamera: DEBUG RPISTREAM rpi_stream.cpp:271 Queuing buffer 1 for ISP Stitch Output
06-15 16:50:35.112   308   346 D libcamera: DEBUG V4L2 v4l2_videodevice.cpp:1693 /dev/video27[30:cap]: Queueing buffer 0
06-15 16:50:35.112   308   346 D libcamera: DEBUG RPISTREAM rpi_stream.cpp:271 Queuing buffer 2 for ISP Config
06-15 16:50:35.112   308   346 D libcamera: DEBUG V4L2 v4l2_videodevice.cpp:1693 /dev/video28[26:out]: Queueing buffer 1
06-15 16:50:35.112   308   346 D libcamera: DEBUG Event event_dispatcher_poll.cpp:216 next timer 0xb4000076da0d1550 expires in 0.989644167
06-15 16:50:35.113   308   346 D libcamera: DEBUG V4L2 v4l2_videodevice.cpp:1764 /dev/video20[23:out]: Dequeuing buffer 3
06-15 16:50:35.113   308   346 D libcamera: DEBUG RPI pisp.cpp:1657 Stream ISP Input buffer complete, buffer id 4, timestamp: 264990473000
06-15 16:50:35.113   308   346 D libcamera: DEBUG RPI pipeline_base.cpp:1455 Returning buffer to stream CFE Image
06-15 16:50:35.113   308   346 D libcamera: DEBUG RPISTREAM rpi_stream.cpp:271 Queuing buffer 4 for CFE Image
06-15 16:50:35.113   308   346 D libcamera: DEBUG V4L2 v4l2_videodevice.cpp:1693 /dev/video4[19:cap]: Queueing buffer 3
06-15 16:50:35.113   308   346 D libcamera: DEBUG V4L2 v4l2_videodevice.cpp:1764 /dev/video25[25:cap]: Dequeuing buffer 13
06-15 16:50:35.113   308   346 D libcamera: DEBUG RPI pisp.cpp:1685 Stream ISP Output1 buffer complete, buffer id 59, timestamp: 264990473000
06-15 16:50:35.113   308   346 D libcamera: DEBUG RPI pipeline_base.cpp:1445 Completing request buffer for stream ISP Output1
06-15 16:50:35.113   308   346 D libcamera: DEBUG RPI pipeline_base.cpp:1500 Completing request sequence: 160
06-15 16:50:35.114   308   346 D libcamera: DEBUG Request request.cpp:122 Request(160:C:0/1:12970367437559911136)
06-15 16:50:35.114   308   346 D libcamera: DEBUG HAL camera_device.cpp:1232 '/base/axi/pcie@120000/rp1/i2c@88000/imx708@1a': Request 12970367437559911136 completed with 1 streams
06-15 16:50:35.114   308   346 D libcamera: DEBUG RPI pipeline_base.cpp:1515 Going into Idle state
06-15 16:50:35.115   308   308 D libcamera: DEBUG HAL camera_device.cpp:970 '/base/axi/pcie@120000/rp1/i2c@88000/imx708@1a': Camera Process Request Start
06-15 16:50:35.115   308   308 D libcamera: DEBUG Request request.cpp:361 Created request - cookie: 12970367437559907968
06-15 16:50:35.115   308   308 D libcamera: DEBUG HAL camera_device.cpp:994 '/base/axi/pcie@120000/rp1/i2c@88000/imx708@1a': Queueing request 12970367437559907968 with 1 streams
06-15 16:50:35.115   308   308 D libcamera: DEBUG HAL camera_device.cpp:1032 '/base/axi/pcie@120000/rp1/i2c@88000/imx708@1a': processCaptureRequest direct
06-15 16:50:35.115   308   308 D libcamera: DEBUG HAL camera_device.cpp:810 '/base/axi/pcie@120000/rp1/i2c@88000/imx708@1a': createFrameBuffer...
06-15 16:50:35.115   308   308 D libcamera: DEBUG HAL generic_camera_buffer.cpp:77 Create Buffer name=NV12 numplanes=2 size=640x480 numFds=3
06-15 16:50:35.115   308   308 D libcamera: DEBUG Buffer framebuffer.cpp:346 Buffer is contiguous
06-15 16:50:35.115   308   308 D libcamera: DEBUG HAL camera_device.cpp:1045 '/base/axi/pcie@120000/rp1/i2c@88000/imx708@1a': 0 - (640x480)[0x00000023] -> (640x480)[NV12] (direct)
06-15 16:50:35.115   308   308 D libcamera: DEBUG HAL camera_device.cpp:1080 '/base/axi/pcie@120000/rp1/i2c@88000/imx708@1a': processCaptureRequest handle streams
06-15 16:50:35.115   308   346 D libcamera: DEBUG V4L2 v4l2_videodevice.cpp:1764 /dev/video28[26:out]: Dequeuing buffer 1
06-15 16:50:35.115   308   346 D libcamera: DEBUG RPI pisp.cpp:1685 Stream ISP Config buffer complete, buffer id 2, timestamp: 264990473000
06-15 16:50:35.115   308   346 D libcamera: DEBUG RPI pipeline_base.cpp:1455 Returning buffer to stream ISP Config
06-15 16:50:35.115   308   346 D libcamera: DEBUG V4L2 v4l2_videodevice.cpp:1764 /dev/video21[27:out]: Dequeuing buffer 1
06-15 16:50:35.116   308   346 D libcamera: DEBUG V4L2 v4l2_videodevice.cpp:1764 /dev/video26[28:cap]: Dequeuing buffer 1
06-15 16:50:35.116   308   346 D libcamera: DEBUG V4L2 v4l2_videodevice.cpp:1764 /dev/video22[29:out]: Dequeuing buffer 0
06-15 16:50:35.116   308   346 D libcamera: DEBUG V4L2 v4l2_videodevice.cpp:1764 /dev/video27[30:cap]: Dequeuing buffer 0
06-15 16:50:35.116   308   346 D libcamera: DEBUG RPI pipeline_base.cpp:736 queueRequestDevice: New request sequence: 161
06-15 16:50:35.116   308   346 D libcamera: DEBUG RPISTREAM rpi_stream.cpp:271 Queuing buffer 73 for ISP Output1
06-15 16:50:35.116   308   346 D libcamera: DEBUG V4L2 v4l2_videodevice.cpp:1693 /dev/video25[25:cap]: Queueing buffer 6
06-15 16:50:35.116   308   346 D libcamera: DEBUG Event event_dispatcher_poll.cpp:216 next timer 0xb4000076da0d1550 expires in 0.985392112
06-15 16:50:35.116   308   346 D libcamera: DEBUG Event event_dispatcher_poll.cpp:216 next timer 0xb4000076da0d1550 expires in 0.985283426
06-15 16:50:35.154   308   346 D libcamera: DEBUG RPI pipeline_base.cpp:1400 Frame start 168
06-15 16:50:35.154   308   346 D libcamera: DEBUG RPiDelayedControls delayed_controls.cpp:240 frame 168 started
06-15 16:50:35.155   308   346 D libcamera: DEBUG RPiDelayedControls delayed_controls.cpp:270 Setting Analogue Gain to 639 at index 167
06-15 16:50:35.155   308   346 D libcamera: DEBUG RPiDelayedControls delayed_controls.cpp:270 Setting Exposure to 6515 at index 167
06-15 16:50:35.155   308   346 D libcamera: DEBUG RPiDelayedControls delayed_controls.cpp:270 Setting Vertical Blanking to 5673 at index 168
06-15 16:50:35.155   308   346 D libcamera: DEBUG Event event_dispatcher_poll.cpp:216 next timer 0xb4000076da0d1550 expires in 0.946347038
06-15 16:50:35.162   308   346 D libcamera: DEBUG V4L2 v4l2_videodevice.cpp:1764 /dev/video4[19:cap]: Dequeuing buffer 0
06-15 16:50:35.162   308   346 D libcamera: DEBUG Timer timer.cpp:93 Starting timer 0xb4000076da0d1550: deadline 0:04:26.040101489
06-15 16:50:35.163   308   346 D libcamera: DEBUG RPI pisp.cpp:1624 Stream CFE Image buffer dequeue, buffer id 1, timestamp: 265031370000
06-15 16:50:35.163   308   346 D libcamera: DEBUG RPiDelayedControls delayed_controls.cpp:220 Reading Analogue Gain to 639 at index 165
06-15 16:50:35.163   308   346 D libcamera: DEBUG RPiDelayedControls delayed_controls.cpp:220 Reading Exposure to 6515 at index 165
06-15 16:50:35.164   308   346 D libcamera: DEBUG RPiDelayedControls delayed_controls.cpp:220 Reading Vertical Blanking to 5673 at index 165
06-15 16:50:35.164   308   346 D libcamera: DEBUG RPiDelayedControls delayed_controls.cpp:220 Reading Horizontal Blanking to 3680 at index 165
06-15 16:50:35.164   308   346 D libcamera: DEBUG V4L2 v4l2_videodevice.cpp:1764 /dev/video7[20:out]: Dequeuing buffer 0
06-15 16:50:35.164   308   346 D libcamera: DEBUG RPI pisp.cpp:1624 Stream CFE Config buffer dequeue, buffer id 1, timestamp: 265031370000
06-15 16:50:35.164   308   346 D libcamera: DEBUG RPI pipeline_base.cpp:1455 Returning buffer to stream CFE Config
06-15 16:50:35.165   308   346 D libcamera: DEBUG RPISTREAM rpi_stream.cpp:271 Queuing buffer 3 for CFE Config
06-15 16:50:35.165   308   346 D libcamera: DEBUG V4L2 v4l2_videodevice.cpp:1693 /dev/video7[20:out]: Queueing buffer 2
06-15 16:50:35.165   308   346 D libcamera: DEBUG V4L2 v4l2_videodevice.cpp:1764 /dev/video6[21:cap]: Dequeuing buffer 0
06-15 16:50:35.165   308   346 D libcamera: DEBUG RPI pisp.cpp:1624 Stream CFE Stats buffer dequeue, buffer id 1, timestamp: 265031370000
06-15 16:50:35.166   308   346 D libcamera: DEBUG V4L2 v4l2_videodevice.cpp:1764 /dev/video1[22:cap]: Dequeuing buffer 0
06-15 16:50:35.166   308   346 D libcamera: DEBUG RPI pisp.cpp:1624 Stream CFE Embedded buffer dequeue, buffer id 1, timestamp: 265031370000
06-15 16:50:35.166   308   346 D libcamera: DEBUG RPI pisp.cpp:2226 Signalling IPA processStats and prepareIsp: Bayer buffer id: 1 Stats buffer id: 1 Embedded buffer id: 1
06-15 16:50:35.166   308  2872 D libcamera: DEBUG IPARPI ipa_base.cpp:1278 Metadata - Exposure: 59996.89us Frame length: 6537 Line length: 9.21us Gain: 2.65974 Lens: 1
06-15 16:50:35.167   308  2872 D libcamera: DEBUG IPARPI cam_helper_imx708.cpp:113 Embedded buffer size: 28800
06-15 16:50:35.167   308  2872 D libcamera: DEBUG IPARPI cam_helper.cpp:251 Metadata updated - Exposure: 59748.25us Frame length: 6537 Line length: 9.21us Gain: 2.65974 Lens: 1 Temperature: 30
06-15 16:50:35.167   308  2872 D libcamera: DEBUG RPiLux lux.cpp:96 : estimated lux 87.3506
06-15 16:50:35.167   308  2872 D libcamera: DEBUG RPiAwb awb.cpp:369 frame_phase 9
06-15 16:50:35.168   308  2872 D libcamera: DEBUG RPiAgc agc.cpp:293 process for channel 0
06-15 16:50:35.168   308  2872 D libcamera: DEBUG RPiAgc agc.cpp:300 Save DeviceStatus and stats for channel 0
06-15 16:50:35.168   308  2872 D libcamera: DEBUG RPiAgc agc_channel.cpp:591 ev 1 fixedShutter 0.00us fixedAnalogueGain 0
06-15 16:50:35.168   308  2872 D libcamera: DEBUG RPiAgc agc_channel.cpp:628 exposureMode normal constraintMode normal meteringMode centre-weighted
06-15 16:50:35.168   308  2872 D libcamera: DEBUG RPiAgc agc_channel.cpp:749 Initial Y 0.157719 target 0.160437 gives gain 1.01082
06-15 16:50:35.168   308  2872 D libcamera: DEBUG RPiAgc agc_channel.cpp:749 Initial Y 0.159424 target 0.160437 gives gain 1.0109
06-15 16:50:35.168   308  2872 D libcamera: DEBUG RPiAgc agc_channel.cpp:758 Constraint has target_Y 0.5 giving gain 0.829845
06-15 16:50:35.168   308  2872 D libcamera: DEBUG RPiAgc agc_channel.cpp:770 Final gain 1.0109 (target_Y 0.160437 ev 1 base_ev 1)
06-15 16:50:35.168   308  2872 D libcamera: DEBUG RPiAgc agc_channel.cpp:806 Target totalExposure 160647.47us
06-15 16:50:35.168   308  2872 D libcamera: DEBUG RPiAgc agc_channel.cpp:906 After filtering, totalExposure 159649.07us no dg 159649.07us
06-15 16:50:35.169   308  2872 D libcamera: DEBUG RPiAgc agc_channel.cpp:812 Total exposure before channel constraints 159649.07us
06-15 16:50:35.169   308  2872 D libcamera: DEBUG RPiAgc agc_channel.cpp:840 Total exposure after channel constraints 159649.07us
06-15 16:50:35.169   308  2872 D libcamera: DEBUG RPiAgc agc_channel.cpp:855 after AWB, target dg 1 gain 1.0109 target_Y 0.160437
06-15 16:50:35.169   308  2872 D libcamera: DEBUG RPiAgc agc_channel.cpp:872 Digital gain 1 desaturate? 0
06-15 16:50:35.170   308  2872 D libcamera: DEBUG RPiAgc agc_channel.cpp:874 Target totalExposureNoDG 159649.07us
06-15 16:50:35.170   308  2872 D libcamera: DEBUG RPiAgc agc_channel.cpp:948 Divided up shutter and gain are 60000.00us and 2.66082
06-15 16:50:35.170   308  2872 D libcamera: DEBUG RPiAgc agc_channel.cpp:988 Output written, total exposure requested is 159649.07us
06-15 16:50:35.170   308  2872 D libcamera: DEBUG RPiAgc agc_channel.cpp:990 Camera exposure update: shutter time 60000.00us analogue gain 2.66082
06-15 16:50:35.170   308  2872 D libcamera: DEBUG RPiAlsc alsc.cpp:429 frame_phase 3
06-15 16:50:35.170   308  2872 D libcamera: DEBUG RPiContrast contrast.cpp:107 Move histogram point 953.475 to 983.04
06-15 16:50:35.171   308  2872 D libcamera: DEBUG RPiContrast contrast.cpp:111 Final values 983.04 -> 983.04
06-15 16:50:35.171   308   346 D libcamera: DEBUG Event event_dispatcher_poll.cpp:216 next timer 0xb4000076da0d1550 expires in 0.991706370
06-15 16:50:35.171   308  2872 D libcamera: DEBUG RPiContrast contrast.cpp:128 Move histogram point 24873 to 62259.2
06-15 16:50:35.171   308  2872 D libcamera: DEBUG RPiContrast contrast.cpp:132 Final values 60259.2 -> 62259.2
06-15 16:50:35.171   308  2872 D libcamera: DEBUG IPARPI ipa_base.cpp:1477 Applying AGC Exposure: 59996.89us (Shutter lines: 6515, AGC requested 60000.00us) Gain: 2.66082 (Gain Code: 639)
06-15 16:50:35.171   308   562 D libcamera: DEBUG HAL camera_device.cpp:495 '/base/axi/pcie@120000/rp1/i2c@88000/imx708@1a': getCameraMetaData type=2
06-15 16:50:35.171   308  2872 D libcamera: DEBUG RPiDpc dpc.cpp:50 strength 1
06-15 16:50:35.172   308  2872 D libcamera: DEBUG RPiNoise noise.cpp:77 constant 0 slope 1.51345
06-15 16:50:35.172   308  2872 D libcamera: DEBUG RPiGeq geq.cpp:76 offset 587 slope 0.00601101 (analogue gain 2.65974 lux 87.3506)
06-15 16:50:35.172   308  2872 D libcamera: DEBUG RPiDenoise denoise.cpp:119 Noise profile: constant 0 slope 1.51345
06-15 16:50:35.172   308  2872 D libcamera: DEBUG RPiDenoise denoise.cpp:134 const 0 slope 2.42152 str 0.5 const2 0 slope2 4.84303
06-15 16:50:35.173   308  2872 D libcamera: DEBUG RPiDenoise denoise.cpp:154 programmed tdn threshold 0.05 constant 0 slope 1.21076
06-15 16:50:35.173   308   346 D libcamera: DEBUG RPiDelayedControls delayed_controls.cpp:182 Queuing Vertical Blanking to 5673 at index 169
06-15 16:50:35.173   308  2872 D libcamera: DEBUG RPiDenoise denoise.cpp:165 programmed cdn threshold 302.69 strength 0.3
06-15 16:50:35.173   308   346 D libcamera: DEBUG RPiDelayedControls delayed_controls.cpp:182 Queuing Exposure to 6515 at index 169
06-15 16:50:35.173   308   346 D libcamera: DEBUG RPiDelayedControls delayed_controls.cpp:182 Queuing Analogue Gain to 639 at index 169
06-15 16:50:35.173   308   346 D libcamera: DEBUG RPI pipeline_base.cpp:1455 Returning buffer to stream CFE Stats
06-15 16:50:35.173   308   346 D libcamera: DEBUG RPISTREAM rpi_stream.cpp:271 Queuing buffer 1 for CFE Stats
06-15 16:50:35.173   308   346 D libcamera: DEBUG V4L2 v4l2_videodevice.cpp:1693 /dev/video6[21:cap]: Queueing buffer 0
06-15 16:50:35.173   308   346 D libcamera: DEBUG Event event_dispatcher_poll.cpp:216 next timer 0xb4000076da0d1550 expires in 0.989136074
06-15 16:50:35.173   308  2872 D libcamera: DEBUG RPiAwb awb.cpp:339 frame_count 10 speed 0.05
06-15 16:50:35.173   308  2872 D libcamera: DEBUG RPiAwb awb.cpp:358 Using AWB gains r 1.26533 g 1 b 3.299
06-15 16:50:35.174   308  2872 D libcamera: DEBUG RPiAgc agc.cpp:274 prepare for channel 0
06-15 16:50:35.174   308  2872 D libcamera: DEBUG RPiAgc agc_channel.cpp:487 Want total exposure 159649.07us
06-15 16:50:35.174   308  2872 D libcamera: DEBUG RPiAgc agc_channel.cpp:493 Actual exposure 158914.82us
06-15 16:50:35.174   308  2872 D libcamera: DEBUG RPiAgc agc_channel.cpp:494 Use digitalGain 1.00462
06-15 16:50:35.174   308  2872 D libcamera: DEBUG RPiAgc agc_channel.cpp:495 Effective exposure 159649.07us
06-15 16:50:35.174   308  2872 D libcamera: DEBUG RPiAgc agc_channel.cpp:580 Lock count updated to 5
06-15 16:50:35.174   308  2872 D libcamera: DEBUG RPiAlsc alsc.cpp:394 frame count 10 speed 0.05
06-15 16:50:35.174   308  2872 D libcamera: DEBUG RPiCcm ccm.cpp:181 colour temperature 2801.97K
06-15 16:50:35.175   308  2872 D libcamera: DEBUG RPiCcm ccm.cpp:183 CCM: 1.72149 -0.460794 -0.260704     -0.300104 1.57042 -0.270317     0.1505 -1.13097 1.98048
06-15 16:50:35.175   308  2872 D libcamera: DEBUG RPiAf af.cpp:638 0 sst0->0 stp0->0 ft1.00->1.00 fs1.00->1.00 cont=37 phase=-74 conf=19
06-15 16:50:35.175   308  2872 D libcamera: DEBUG IPARPI pisp.cpp:545 Applying WB R: 1.26533 B: 3.299
06-15 16:50:35.175   308  2872 D libcamera: DEBUG IPARPI pisp.cpp:697 TDN: exposure: 158914.82us last: 158914.82us ratio: 1
06-15 16:50:35.176   308   346 D libcamera: DEBUG RPI pipeline_base.cpp:1455 Returning buffer to stream CFE Embedded
06-15 16:50:35.177   308   346 D libcamera: DEBUG RPISTREAM rpi_stream.cpp:271 Queuing buffer 1 for CFE Embedded
06-15 16:50:35.177   308   346 D libcamera: DEBUG V4L2 v4l2_videodevice.cpp:1693 /dev/video1[22:cap]: Queueing buffer 0
06-15 16:50:35.177   308   346 D libcamera: DEBUG RPI pisp.cpp:2125 Input re-queue to ISP, buffer id 1, timestamp: 265031370000
06-15 16:50:35.177   308   346 D libcamera: DEBUG RPISTREAM rpi_stream.cpp:271 Queuing buffer 0 for ISP Input
06-15 16:50:35.178   308   346 D libcamera: DEBUG V4L2 v4l2_videodevice.cpp:1693 /dev/video20[23:out]: Queueing buffer 0
06-15 16:50:35.178   308   346 D libcamera: DEBUG RPISTREAM rpi_stream.cpp:271 Queuing buffer 0 for ISP TDN Input
06-15 16:50:35.178   308   346 D libcamera: DEBUG V4L2 v4l2_videodevice.cpp:1693 /dev/video21[27:out]: Queueing buffer 0
06-15 16:50:35.178   308   346 D libcamera: DEBUG RPISTREAM rpi_stream.cpp:271 Queuing buffer 1 for ISP TDN Output
06-15 16:50:35.178   308   346 D libcamera: DEBUG V4L2 v4l2_videodevice.cpp:1693 /dev/video26[28:cap]: Queueing buffer 0
06-15 16:50:35.178   308   346 D libcamera: DEBUG RPISTREAM rpi_stream.cpp:271 Queuing buffer 0 for ISP Stitch Input
06-15 16:50:35.178   308   346 D libcamera: DEBUG V4L2 v4l2_videodevice.cpp:1693 /dev/video22[29:out]: Queueing buffer 0
06-15 16:50:35.178   308   346 D libcamera: DEBUG RPISTREAM rpi_stream.cpp:271 Queuing buffer 1 for ISP Stitch Output
06-15 16:50:35.178   308   346 D libcamera: DEBUG V4L2 v4l2_videodevice.cpp:1693 /dev/video27[30:cap]: Queueing buffer 0
06-15 16:50:35.178   308   346 D libcamera: DEBUG RPISTREAM rpi_stream.cpp:271 Queuing buffer 1 for ISP Config
06-15 16:50:35.179   308   346 D libcamera: DEBUG V4L2 v4l2_videodevice.cpp:1693 /dev/video28[26:out]: Queueing buffer 0
06-15 16:50:35.179   308   346 D libcamera: DEBUG Event event_dispatcher_poll.cpp:216 next timer 0xb4000076da0d1550 expires in 0.983510833
06-15 16:50:35.180   308   346 D libcamera: DEBUG V4L2 v4l2_videodevice.cpp:1764 /dev/video20[23:out]: Dequeuing buffer 0
06-15 16:50:35.181   308   346 D libcamera: DEBUG RPI pisp.cpp:1657 Stream ISP Input buffer complete, buffer id 1, timestamp: 265058195000
06-15 16:50:35.181   308   346 D libcamera: DEBUG RPI pipeline_base.cpp:1455 Returning buffer to stream CFE Image
06-15 16:50:35.181   308   346 D libcamera: DEBUG RPISTREAM rpi_stream.cpp:271 Queuing buffer 1 for CFE Image
06-15 16:50:35.181   308   346 D libcamera: DEBUG V4L2 v4l2_videodevice.cpp:1693 /dev/video4[19:cap]: Queueing buffer 0
06-15 16:50:35.181   308   346 D libcamera: DEBUG V4L2 v4l2_videodevice.cpp:1764 /dev/video25[25:cap]: Dequeuing buffer 6
06-15 16:50:35.181   308   346 D libcamera: DEBUG RPI pisp.cpp:1685 Stream ISP Output1 buffer complete, buffer id 73, timestamp: 265058195000
06-15 16:50:35.181   308   346 D libcamera: DEBUG RPI pipeline_base.cpp:1445 Completing request buffer for stream ISP Output1
06-15 16:50:35.181   308   346 D libcamera: DEBUG RPI pipeline_base.cpp:1500 Completing request sequence: 161
06-15 16:50:35.181   308   346 D libcamera: DEBUG Request request.cpp:122 Request(161:C:0/1:12970367437559907968)
06-15 16:50:35.181   308   346 D libcamera: DEBUG HAL camera_device.cpp:1232 '/base/axi/pcie@120000/rp1/i2c@88000/imx708@1a': Request 12970367437559907968 completed with 1 streams
06-15 16:50:35.182   308   346 D libcamera: DEBUG RPI pipeline_base.cpp:1515 Going into Idle state
